// Jest Snapshot v1, https://goo.gl/fbAQLP

exports[`SignIn page SHOULD render match snapshot 1`] = `
<div>
  <div
    class="flex h-screen flex-row overflow-hidden"
  >
    <div
      class="flex w-1/2 flex-col place-content-center items-center gap-3 p-10 pt-20"
    >
      <div>
        <a
          href="/"
        >
          <img
            alt="logo"
            data-nimg="1"
            decoding="async"
            height="150"
            loading="lazy"
            src="/logo.svg"
            style="color: transparent;"
            width="150"
          />
        </a>
      </div>
      <div
        class="flex flex-col gap-5"
      >
        <div
          class="flex cursor-pointer flex-row items-center gap-2"
        >
          <svg
            class="lucide lucide-arrow-left"
            fill="none"
            height="24"
            stroke="currentColor"
            stroke-linecap="round"
            stroke-linejoin="round"
            stroke-width="2"
            viewBox="0 0 24 24"
            width="24"
            xmlns="http://www.w3.org/2000/svg"
          >
            <path
              d="m12 19-7-7 7-7"
            />
            <path
              d="M19 12H5"
            />
          </svg>
          <div>
            Back
          </div>
        </div>
        <div
          class="text-center text-6xl"
        >
          Welcome back!
        </div>
        <div
          class="font-normal"
        >
          Welcome back to Loopedin. Enter your details below to sign in.
        </div>
        <form
          class="flex flex-col gap-5"
        >
          <div
            class="space-y-2"
          >
            <div
              class="w-full relative"
            >
              <input
                aria-describedby=":r0:-form-item-description"
                aria-invalid="false"
                class="flex w-full bg-background px-3 py-2 text-sm ring-offset-background file:border-0 file:bg-transparent file:text-sm file:font-medium placeholder:text-muted-foreground disabled:cursor-not-allowed disabled:opacity-50 focus-visible:outline-none focus-visible:ring-1 focus-visible:ring-red-700 rounded-xl border border-input h-12"
                id=":r0:-form-item"
                name="email"
                placeholder="Email Address"
                type="email"
                value="false"
              />
            </div>
          </div>
          <div
            class="space-y-2"
          >
            <div
              class="w-full relative"
            >
              <input
                aria-describedby=":r1:-form-item-description"
                aria-invalid="false"
                class="flex w-full bg-background px-3 py-2 text-sm ring-offset-background file:border-0 file:bg-transparent file:text-sm file:font-medium placeholder:text-muted-foreground disabled:cursor-not-allowed disabled:opacity-50 focus-visible:outline-none focus-visible:ring-1 focus-visible:ring-red-700 rounded-xl border border-input h-12"
                id=":r1:-form-item"
                name="password"
                placeholder="Password"
                type="password"
                value="false"
              />
            </div>
          </div>
          <div
            class="flex flex-row place-content-between"
          >
            <div
              class="flex flex-row gap-2 space-y-0 items-center"
            >
              <button
                aria-checked="false"
                aria-describedby=":r2:-form-item-description"
                aria-invalid="false"
                class="peer h-4 w-4 shrink-0 rounded-sm border border-primary ring-offset-background focus-visible:outline-none focus-visible:ring-2 focus-visible:ring-ring focus-visible:ring-offset-2 disabled:cursor-not-allowed disabled:opacity-50 data-[state=checked]:bg-gradient-to-b data-[state=checked]:from-secondary data-[state=checked]:to-primary data-[state=checked]:text-white"
                data-state="unchecked"
                id=":r2:-form-item"
                role="checkbox"
                type="button"
                value="on"
              />
              <input
                aria-hidden="true"
                style="transform: translateX(-100%); position: absolute; pointer-events: none; opacity: 0; margin: 0px;"
                tabindex="-1"
                type="checkbox"
                value="on"
              />
              <label
                class="peer-disabled:cursor-not-allowed peer-disabled:opacity-70 font-normal text-md"
                for=":r2:-form-item"
              >
                Remember me
              </label>
            </div>
            <div
              class="cursor-pointer"
            >
              Forgot Password?
            </div>
          </div>
          <button
            class="h-10 rounded-tl-lg rounded-tr-lg rounded-br-lg bg-gradient-to-b from-secondary to-primary text-white font-bold w-full text-xs"
            type="submit"
          >
            Sign In
          </button>
        </form>
      </div>
    </div>
    <div
      class="w-1/2 place-content-center"
    >
      <img
        alt="signInImage"
        data-nimg="1"
        decoding="async"
        height="2000"
        loading="lazy"
        src="/_next/image?url=%2Fsign-in.png&w=3840&q=75"
        srcset="/_next/image?url=%2Fsign-in.png&w=2048&q=75 1x, /_next/image?url=%2Fsign-in.png&w=3840&q=75 2x"
        style="color: transparent;"
        width="2000"
      />
    </div>
  </div>
</div>
`;
